// Jest Snapshot v1, https://goo.gl/fbAQLP

exports[`Given MentorRequestCreationPage should have MentorRequestResultPage matching snapshot 1`] = `
<MentorRequestListPageView
  error={null}
  isLoading={false}
  mentorRequests={Array []}
/>
`;
