// Jest Snapshot v1, https://goo.gl/fbAQLP

exports[`Given MentorRequestResultPageView when rendering should have MentorRequestResultPageView matching snapshot 1`] = `
<styled.div>
  <styled.div>
    <styled.div>
      Mentor request list
    </styled.div>
    <Link
      to="/mentor-list"
    >
      <Button
        block={false}
        data-id="new-mentor-request-button"
        ghost={false}
        htmlType="button"
        loading={false}
        style={
          Object {
            "borderRadius": "0",
            "color": "white",
            "marginRight": "5px",
            "width": "100%",
          }
        }
        type="ghost"
      >
        New mentor request
      </Button>
    </Link>
  </styled.div>
  <div
    data-id="mentor-request-list-table"
  >
    <styled.div />
  </div>
</styled.div>
`;
