// Jest Snapshot v1, https://goo.gl/fbAQLP

exports[`Given a TopBar when rendering should have TopBar matching snapshot 1`] = `
<TopBarView
  logout={[MockFunction]}
/>
`;
