// Jest Snapshot v1, https://goo.gl/fbAQLP

exports[`Given MentorListPage should have MentorListPage matching snapshot 1`] = `
<MentorListPageView
  handleChooseMentorClick={[Function]}
  isFetchingMentorList={false}
  mentors={Array []}
/>
`;
