// Jest Snapshot v1, https://goo.gl/fbAQLP

exports[`Given a CardDataItemView when rendering should have CardDataItemView matching snapshot 1`] = `
<styled.div>
  <styled.div />
  <styled.div
    className=""
  />
</styled.div>
`;
