// Jest Snapshot v1, https://goo.gl/fbAQLP

exports[`Given a CardView when rendering should have CardView matching snapshot 1`] = `
<Styled(Card)
  title=""
>
  <styled.div />
  <styled.div />
</Styled(Card)>
`;
