// Jest Snapshot v1, https://goo.gl/fbAQLP

exports[`Given a AuthenticatedPage when rendering should have AuthenticatedPage matching snapshot 1`] = `
<AuthenticatedPageView
  deleteNotification={[MockFunction]}
  logout={[MockFunction]}
  notifications={
    Array [
      Object {
        "notificationId": 1,
        "payload": Object {
          "mentorRequestId": "201",
          "newStatus": "DONE",
        },
        "visible": true,
      },
      Object {
        "notificationId": 2,
        "payload": Object {
          "mentorRequestId": "202",
          "newStatus": "DONE",
        },
        "visible": true,
      },
      Object {
        "notificationId": 3,
        "payload": Object {
          "mentorRequestId": "203",
          "newStatus": "DONE",
        },
        "visible": true,
      },
    ]
  }
>
  <div />
  <div />
</AuthenticatedPageView>
`;
